// Jest Snapshot v1, https://goo.gl/fbAQLP

exports[`should render a MessageList component 1`] = `
<div>
  <ul />
</div>
`;
