// Jest Snapshot v1, https://goo.gl/fbAQLP

exports[`should render a LayoutViews + children components 1`] = `
<div>
  <header>
    <p>
      Aw Shucks-- Please Sign In!
    </p>
  </header>
</div>
`;
